950
803
711
769
927
872
829
638
865
702
987
936
766
956
989
926
994
215
790
969
758
907
981
931
44
722
961
826
869
945
743
916
638
675
981
652
731
820
963
377
896
906
754
904
571
706
865
958
746
884
813
883
964
933
776
809
787
837
960
873
846
727
733
676
889
938
711
807
774
773
703
743
970
955
822
970
754
891
968
918
989
959
803
580
893
680
858
769
835
930
820
830
963
793
920
863
971
675
943
785
