8250
6806
7419
6630
8770
8669
9705
9750
8932
6415
