9961
9958
9923
9916
9852
9998
9963
9995
9994
9970
