9944
9896
9879
9962
9883
9959
9947
9951
9752
9987
