9966
10000
9999
9994
9956
9896
9787
9812
9832
9985
