412
1039
914
741
411
859
410
483
478
1516
573
261
793
877
221
596
476
246
649
1048
581
953
257
730
611
656
931
858
459
707
787
831
216
1292
850
203
655
197
1027
948
479
469
565
790
971
1025
689
290
396
527
585
146
744
910
1964
750
1237
218
1163
593
392
862
919
379
480
956
376
679
1123
720
398
1013
932
769
502
702
869
492
758
327
379
217
1121
1098
215
1096
938
641
803
927
841
391
399
