354
232
232
173
564
914
848
731
82
262
979
868
737
326
