889
491
1448
1144
373
833
602
955
1040
861
1102
943
251
1097
470
749
1346
821
930
286
249
474
666
716
401
528
639
531
403
678
903
461
527
961
801
713
408
670
171
757
232
994
688
232
976
700
1096
688
530
1178
1211
938
62
856
414
759
456
664
229
774
768
818
644
348
693
752
854
441
854
843
845
863
718
1210
842
343
688
895
613
137
409
674
924
535
428
986
1046
581
809
1136
948
1099
268
323
918
952
650
