946
771
474
703
729
275
1155
904
361
458
765
411
104
483
62
810
667
983
480
652
826
527
828
279
625
1487
1177
624
201
