474
25
668
466
299
768
833
946
716
397
571
592
1200
750
1169
596
1274
1239
794
474
531
872
840
366
1043
895
501
702
804
213
1671
661
1109
980
368
653
856
1134
535
362
636
804
713
636
697
688
859
927
264
