1081
1291
637
691
962
853
567
1029
515
245
334
561
1003
651
908
1019
111
472
565
661
1232
1298
479
1070
981
907
830
589
1188
294
979
439
180
1085
967
682
856
510
514
632
357
650
482
1352
755
554
1325
664
633
708
769
434
719
1288
598
377
932
681
787
280
424
832
469
656
629
