229
338
592
1261
786
782
838
1001
759
624
803
657
483
575
940
335
628
442
105
