729
181
712
1208
349
400
505
897
758
594
755
434
1243
132
699
1237
242
827
771
710
577
1305
508
819
475
1026
405
264
964
888
1034
657
238
1149
523
694
785
394
328
72
1145
849
1058
634
924
697
258
833
960
366
367
388
1506
770
219
532
731
579
609
