401
594
847
606
902
130
889
708
425
919
529
161
740
923
584
1132
795
508
1280
811
469
1041
690
565
706
342
996
787
589
668
360
364
376
481
506
510
993
755
488
1021
609
748
1006
924
886
679
473
457
976
605
808
636
515
1391
759
646
334
493
458
708
1021
794
810
367
711
643
700
824
437
622
975
801
839
327
483
1034
863
853
130
1254
374
174
794
826
584
912
568
137
