1058
638
526
965
818
641
656
338
893
638
538
1474
845
343
788
383
672
1133
970
987
675
643
461
587
223
1250
767
678
593
1081
704
1230
859
324
434
1143
644
303
348
453
648
1113
533
942
906
616
347
556
416
778
238
828
1039
947
1371
626
1588
1553
621
712
876
933
786
862
684
269
282
950
889
1342
525
753
789
844
669
