758
775
792
606
496
803
580
747
613
897
593
553
1233
1396
695
301
487
440
1794
537
311
101
974
421
508
946
833
804
663
500
127
544
526
351
257
838
336
800
596
228
799
206
836
478
943
626
646
751
706
817
774
639
1081
449
728
916
987
735
745
594
292
385
547
360
800
447
929
764
665
396
362
334
294
1000
732
346
177
786
513
315
1169
661
696
798
329
625
979
592
920
824
795
720
546
897
774
593
34
765
217
