765
648
358
490
588
674
222
780
906
982
1177
839
867
1274
1071
363
488
434
633
361
954
684
896
481
340
833
1068
309
813
986
414
1084
443
300
904
816
843
260
970
499
631
562
423
930
273
777
226
966
320
601
1214
585
1148
1000
489
1085
707
944
777
897
930
736
914
931
671
444
1179
939
424
840
947
810
586
861
288
