532
843
530
1040
503
191
878
977
247
1326
540
882
948
1306
814
472
673
197
1437
1036
797
355
575
569
824
805
954
786
1443
399
470
797
824
671
607
976
842
781
661
629
888
1328
338
329
508
876
634
599
781
1326
703
1037
989
415
742
217
218
1228
1040
545
751
579
539
757
1030
981
778
1049
640
817
382
692
844
626
672
1109
797
721
651
1203
542
490
1261
485
328
652
1049
