711
291
909
439
882
679
740
781
775
495
622
423
588
702
72
259
1250
363
265
813
567
140
186
808
669
993
357
646
599
679
703
1029
493
607
698
830
