822
401
501
708
314
489
707
797
194
480
685
1009
615
399
486
918
784
863
381
1188
410
522
274
702
215
439
462
1034
829
721
499
1097
1040
