215
182
375
45
155
68
371
179
236
258
159
205
342
311
240
423
250
1
337
138
248
324
12
293
192
300
261
272
334
380
267
228
263
278
205
