356
18
171
229
287
423
342
419
306
339
444
337
423
49
171
146
197
321
213
75
342
179
276
322
60
348
334
53
54
150
290
351
195
209
284
346
119
75
400
153
393
130
102
196
211
226
118
132
141
91
311
456
188
258
315
225
314
240
392
255
158
