284
166
283
94
267
191
176
203
326
259
323
172
149
389
133
73
250
312
149
438
79
390
396
227
386
434
