296
293
173
345
336
58
347
280
314
343
123
125
393
276
183
307
396
161
365
175
266
274
290
344
384
337
323
296
372
295
380
260
265
240
419
469
288
325
311
200
243
484
250
184
433
260
452
145
314
305
301
230
68
116
416
312
340
115
305
383
209
248
