351
101
274
311
104
273
345
304
396
259
166
319
301
139
319
281
232
267
106
446
213
217
278
339
284
386
316
235
205
312
131
44
433
267
167
368
36
169
119
106
364
397
387
97
75
202
48
242
43
318
274
67
366
332
148
395
290
258
150
369
328
214
226
342
223
263
305
289
250
