141
358
110
27
371
326
180
292
376
22
287
209
223
333
287
335
120
321
434
236
216
442
228
191
238
340
216
16
179
365
249
288
316
226
166
233
351
300
206
252
