306
344
215
190
232
339
471
201
264
92
193
134
155
143
363
215
385
282
214
160
92
361
413
418
362
343
195
419
218
370
473
152
194
204
214
272
295
348
357
52
139
131
373
342
245
327
260
228
363
354
75
254
109
378
467
153
479
210
223
356
150
224
240
336
222
249
212
196
105
318
334
412
208
290
298
195
259
271
304
82
212
300
241
113
213
97
166
166
161
108
309
260
258
