274
284
339
341
156
320
249
278
271
250
285
144
305
128
268
416
137
176
91
257
104
265
201
268
349
115
43
83
273
221
89
353
399
260
189
97
131
280
129
25
288
346
244
411
361
265
232
46
407
223
337
187
216
321
