101
198
350
381
110
256
141
281
306
89
473
249
173
149
210
322
239
208
323
226
65
217
301
190
265
184
142
267
244
176
248
356
399
192
120
569
340
