98
151
335
331
257
367
211
342
291
363
275
333
228
