234
400
355
203
187
334
332
109
14
267
118
437
146
370
307
181
172
286
387
479
222
253
382
52
311
144
361
329
311
249
251
336
362
412
304
426
192
420
421
218
214
394
424
39
306
232
199
435
290
244
191
171
205
98
288
33
99
137
53
73
401
61
179
372
249
136
233
422
143
274
283
259
82
193
459
371
266
280
260
167
369
384
301
176
130
185
227
299
341
129
423
420
42
160
