326
324
211
116
343
152
192
254
344
86
300
353
299
45
307
