342
186
191
457
116
365
125
75
87
176
142
112
264
353
46
232
343
411
363
358
410
269
400
369
182
323
366
333
113
317
51
35
264
305
86
375
469
257
239
349
167
492
369
209
300
385
383
188
281
247
