201
131
334
151
42
122
300
295
264
346
384
132
308
343
254
308
159
108
93
299
66
263
325
139
34
292
279
325
331
314
194
431
411
315
226
218
251
204
165
182
17
276
197
309
179
123
173
349
461
284
238
121
418
380
400
132
312
100
266
375
278
368
162
275
258
433
439
182
327
214
318
356
289
221
385
186
369
304
309
100
258
122
119
182
306
398
328
431
290
271
371
435
291
98
375
349
391
106
192
