134
368
391
198
205
293
192
337
203
222
281
359
140
305
447
172
255
343
170
304
21
302
301
329
244
224
271
264
342
375
136
280
374
353
222
276
312
269
191
569
302
0
167
70
186
307
222
165
303
124
216
143
332
276
221
305
334
366
146
303
71
148
330
196
399
385
523
97
186
149
335
143
330
308
406
276
239
167
369
187
165
233
175
390
127
331
145
268
322
403
306
64
43
395
411
333
321
320
