322
277
102
350
117
338
322
347
150
358
341
62
324
267
270
396
416
369
181
165
64
367
391
199
314
312
229
223
150
289
367
216
74
306
543
238
407
102
265
354
310
251
375
168
345
141
112
276
220
148
401
274
199
248
388
136
120
383
321
319
420
385
432
347
308
