354
162
54
314
294
331
216
374
140
260
292
278
421
334
155
254
282
325
252
134
469
