301
73
299
371
313
147
215
102
306
233
318
75
347
198
181
453
138
335
244
291
271
297
119
407
328
232
108
317
255
174
101
288
335
