270
438
350
181
374
228
354
196
247
12
391
447
222
331
408
312
237
178
219
172
275
359
314
56
221
367
433
231
232
202
221
248
161
298
262
146
281
256
263
176
457
182
240
316
269
115
291
122
113
207
168
103
320
133
188
6
39
311
409
280
215
372
315
224
277
466
201
420
320
358
419
353
245
133
450
