233
437
227
360
105
407
387
277
194
78
239
217
303
396
157
127
307
175
352
281
224
277
344
331
354
56
356
229
326
197
341
389
345
242
173
133
507
329
198
280
124
383
338
302
18
234
321
402
340
354
198
350
335
412
246
216
209
338
379
285
139
174
266
125
428
305
364
206
301
429
138
229
300
431
318
271
117
132
141
393
258
257
183
142
316
190
257
