314
80
408
322
306
330
338
516
360
353
295
418
338
235
161
305
356
104
190
451
194
74
145
240
369
110
118
272
118
279
193
279
203
