343
380
252
310
390
178
317
108
183
313
368
189
175
290
207
358
256
293
173
301
254
249
220
361
342
162
44
347
316
197
241
329
310
121
364
391
308
224
340
359
316
132
174
280
59
258
