256
99
370
242
193
298
223
346
228
22
259
349
347
389
144
321
274
231
30
426
187
399
408
148
319
194
221
